============================= test session starts =============================
platform win32 -- Python 3.13.9, pytest-9.0.2, pluggy-1.6.0 -- C:\Users\yunus\AppData\Local\Microsoft\WindowsApps\PythonSoftwareFoundation.Python.3.13_qbz5n2kfra8p0\python.exe
cachedir: .pytest_cache
hypothesis profile 'default'
benchmark: 5.2.3 (defaults: timer=time.perf_counter disable_gc=False min_rounds=5 min_time=0.000005 max_time=1.0 calibration_precision=10 warmup=False warmup_iterations=100000)
rootdir: C:\Users\yunus\ununennium
configfile: pyproject.toml
plugins: hydra-core-1.3.2, hypothesis-6.148.7, benchmark-5.2.3, cov-7.0.0, mock-3.15.1, xdist-3.8.0
collecting ... collected 58 items

tests/augmentation/test_geometric.py::TestAugmentation::test_random_flip PASSED [  1%]
tests/augmentation/test_geometric.py::TestAugmentation::test_compose PASSED [  3%]
tests/core/test_core.py::TestBoundingBox::test_creation PASSED           [  5%]
tests/core/test_core.py::TestBoundingBox::test_validation PASSED         [  6%]
tests/core/test_core.py::TestBoundingBox::test_intersection PASSED       [  8%]
tests/core/test_core.py::TestBoundingBox::test_no_intersection PASSED    [ 10%]
tests/core/test_core.py::TestBoundingBox::test_union PASSED              [ 12%]
tests/core/test_core.py::TestBoundingBox::test_contains_point PASSED     [ 13%]
tests/core/test_core.py::TestBoundingBox::test_buffer PASSED             [ 15%]
tests/core/test_core.py::TestGeoTensor::test_creation_from_numpy PASSED  [ 17%]
tests/core/test_core.py::TestGeoTensor::test_creation_from_torch PASSED  [ 18%]
tests/core/test_core.py::TestGeoTensor::test_device_transfer PASSED      [ 20%]
tests/core/test_core.py::TestGeoTensor::test_numpy_conversion PASSED     [ 22%]
tests/core/test_core.py::TestGeoTensor::test_band_names_validation PASSED [ 24%]
tests/core/test_core.py::TestGeoTensor::test_select_bands_by_index PASSED [ 25%]
tests/core/test_core.py::TestGeoTensor::test_nodata_mask PASSED          [ 27%]
tests/core/test_core.py::TestGeoBatch::test_creation PASSED              [ 29%]
tests/core/test_core.py::TestGeoBatch::test_shape_mismatch PASSED        [ 31%]
tests/core/test_core.py::TestGeoBatch::test_device_transfer PASSED       [ 32%]
tests/core/test_core.py::TestGeoBatch::test_iteration PASSED             [ 34%]
tests/datasets/test_datasets.py::TestDatasetRegistry::test_synthetic_dataset PASSED [ 36%]
tests/datasets/test_datasets.py::TestDatasetRegistry::test_classification_task PASSED [ 37%]
tests/integration/test_end_to_end.py::TestEndToEnd::test_segmentation_pipeline PASSED [ 39%]
tests/io/test_geotiff.py::TestGeoTIFF::test_read_geotiff PASSED          [ 41%]
tests/io/test_geotiff.py::TestGeoTIFF::test_write_geotiff PASSED         [ 43%]
tests/losses/test_losses.py::TestLosses::test_dice_loss PASSED           [ 44%]
tests/losses/test_losses.py::TestLosses::test_focal_loss PASSED          [ 46%]
tests/metrics/test_segmentation.py::TestMetrics::test_iou_score PASSED   [ 48%]
tests/metrics/test_segmentation.py::TestMetrics::test_dice_score PASSED  [ 50%]
tests/metrics/test_segmentation.py::TestMetrics::test_pixel_accuracy PASSED [ 51%]
tests/models/test_gan.py::TestPix2Pix::test_forward PASSED               [ 53%]
tests/models/test_gan.py::TestCycleGAN::test_forward PASSED              [ 55%]
tests/models/test_layers.py::TestLayers::test_double_conv PASSED         [ 56%]
tests/models/test_layers.py::TestLayers::test_down PASSED                [ 58%]
tests/models/test_layers.py::TestLayers::test_up FAILED                  [ 60%]
tests/models/test_models.py::TestResNetBackbone::test_forward_shape[resnet18] PASSED [ 62%]
tests/models/test_models.py::TestResNetBackbone::test_forward_shape[resnet34] PASSED [ 63%]
tests/models/test_models.py::TestResNetBackbone::test_forward_shape[resnet50] PASSED [ 65%]
tests/models/test_models.py::TestResNetBackbone::test_multispectral_input PASSED [ 67%]
tests/models/test_models.py::TestResNetBackbone::test_out_channels PASSED [ 68%]
tests/models/test_models.py::TestClassificationHead::test_forward_shape PASSED [ 70%]
tests/models/test_models.py::TestClassificationHead::test_with_dropout PASSED [ 72%]
tests/models/test_models.py::TestSegmentationHead::test_forward_shape PASSED [ 74%]
tests/models/test_models.py::TestModelRegistry::test_list_models PASSED  [ 75%]
tests/models/test_models.py::TestModelRegistry::test_create_model PASSED [ 77%]
tests/models/test_models.py::TestModelRegistry::test_unknown_model PASSED [ 79%]
tests/models/test_pinn.py::TestPINN::test_forward PASSED                 [ 81%]
tests/preprocessing/test_indices.py::TestIndices::test_ndvi PASSED       [ 82%]
tests/preprocessing/test_indices.py::TestIndices::test_ndwi PASSED       [ 84%]
tests/preprocessing/test_indices.py::TestIndices::test_evi PASSED        [ 86%]
tests/preprocessing/test_normalization.py::TestNormalization::test_minmax FAILED [ 87%]
tests/preprocessing/test_normalization.py::TestNormalization::test_zscore FAILED [ 89%]
tests/preprocessing/test_normalization.py::TestNormalization::test_percentile FAILED [ 91%]
tests/tiling/test_sampler.py::TestTiling::test_tile_image PASSED         [ 93%]
tests/tiling/test_sampler.py::TestTiling::test_tiler_merge PASSED        [ 94%]
tests/training/test_trainer.py::TestTrainer::test_trainer_init PASSED    [ 96%]
tests/utils/test_config_manager.py::test_config_load PASSED              [ 98%]
tests/utils/test_metrics_logger.py::test_metrics_logger PASSED           [100%]

================================== FAILURES ===================================
_____________________________ TestLayers.test_up ______________________________

self = <tests.models.test_layers.TestLayers object at 0x0000025F022ED480>

    def test_up(self):
        layer = Up(128, 64)
        x1 = torch.randn(1, 128, 32, 32) # From deeper layer
        x2 = torch.randn(1, 64, 64, 64)  # Skip connection
>       out = layer(x1, x2)
              ^^^^^^^^^^^^^

tests\models\test_layers.py:24: 
_ _ _ _ _ _ _ _ _ _ _ _ _ _ _ _ _ _ _ _ _ _ _ _ _ _ _ _ _ _ _ _ _ _ _ _ _ _ _ _
..\AppData\Local\Packages\PythonSoftwareFoundation.Python.3.13_qbz5n2kfra8p0\LocalCache\local-packages\Python313\site-packages\torch\nn\modules\module.py:1775: in _wrapped_call_impl
    return self._call_impl(*args, **kwargs)
           ^^^^^^^^^^^^^^^^^^^^^^^^^^^^^^^^
..\AppData\Local\Packages\PythonSoftwareFoundation.Python.3.13_qbz5n2kfra8p0\LocalCache\local-packages\Python313\site-packages\torch\nn\modules\module.py:1786: in _call_impl
    return forward_call(*args, **kwargs)
           ^^^^^^^^^^^^^^^^^^^^^^^^^^^^^
src\ununennium\models\layers.py:57: in forward
    return self.conv(x)
           ^^^^^^^^^^^^
..\AppData\Local\Packages\PythonSoftwareFoundation.Python.3.13_qbz5n2kfra8p0\LocalCache\local-packages\Python313\site-packages\torch\nn\modules\module.py:1775: in _wrapped_call_impl
    return self._call_impl(*args, **kwargs)
           ^^^^^^^^^^^^^^^^^^^^^^^^^^^^^^^^
..\AppData\Local\Packages\PythonSoftwareFoundation.Python.3.13_qbz5n2kfra8p0\LocalCache\local-packages\Python313\site-packages\torch\nn\modules\module.py:1786: in _call_impl
    return forward_call(*args, **kwargs)
           ^^^^^^^^^^^^^^^^^^^^^^^^^^^^^
src\ununennium\models\layers.py:23: in forward
    return self.double_conv(x)
           ^^^^^^^^^^^^^^^^^^^
..\AppData\Local\Packages\PythonSoftwareFoundation.Python.3.13_qbz5n2kfra8p0\LocalCache\local-packages\Python313\site-packages\torch\nn\modules\module.py:1775: in _wrapped_call_impl
    return self._call_impl(*args, **kwargs)
           ^^^^^^^^^^^^^^^^^^^^^^^^^^^^^^^^
..\AppData\Local\Packages\PythonSoftwareFoundation.Python.3.13_qbz5n2kfra8p0\LocalCache\local-packages\Python313\site-packages\torch\nn\modules\module.py:1786: in _call_impl
    return forward_call(*args, **kwargs)
           ^^^^^^^^^^^^^^^^^^^^^^^^^^^^^
..\AppData\Local\Packages\PythonSoftwareFoundation.Python.3.13_qbz5n2kfra8p0\LocalCache\local-packages\Python313\site-packages\torch\nn\modules\container.py:250: in forward
    input = module(input)
            ^^^^^^^^^^^^^
..\AppData\Local\Packages\PythonSoftwareFoundation.Python.3.13_qbz5n2kfra8p0\LocalCache\local-packages\Python313\site-packages\torch\nn\modules\module.py:1775: in _wrapped_call_impl
    return self._call_impl(*args, **kwargs)
           ^^^^^^^^^^^^^^^^^^^^^^^^^^^^^^^^
..\AppData\Local\Packages\PythonSoftwareFoundation.Python.3.13_qbz5n2kfra8p0\LocalCache\local-packages\Python313\site-packages\torch\nn\modules\module.py:1786: in _call_impl
    return forward_call(*args, **kwargs)
           ^^^^^^^^^^^^^^^^^^^^^^^^^^^^^
..\AppData\Local\Packages\PythonSoftwareFoundation.Python.3.13_qbz5n2kfra8p0\LocalCache\local-packages\Python313\site-packages\torch\nn\modules\conv.py:548: in forward
    return self._conv_forward(input, self.weight, self.bias)
           ^^^^^^^^^^^^^^^^^^^^^^^^^^^^^^^^^^^^^^^^^^^^^^^^^
_ _ _ _ _ _ _ _ _ _ _ _ _ _ _ _ _ _ _ _ _ _ _ _ _ _ _ _ _ _ _ _ _ _ _ _ _ _ _ _

self = Conv2d(128, 64, kernel_size=(3, 3), stride=(1, 1), padding=(1, 1), bias=False)
input = tensor([[[[-5.3465e-02,  3.1901e-01, -1.1486e+00,  ...,  1.6680e+00,
            1.7092e-01, -5.0016e-01],
          [...293e-01],
          [ 9.5354e-01,  7.6569e-01,  5.7784e-01,  ...,  7.9126e-01,
           -1.7637e-01, -1.1440e+00]]]])
weight = Parameter containing:
tensor([[[[-2.5590e-02,  3.1868e-03,  1.9905e-02],
          [-2.0593e-02,  2.4933e-02,  2.2441e...     [ 1.0850e-02,  1.5605e-02,  6.1837e-03],
          [ 7.4738e-03, -2.6983e-02,  1.9583e-02]]]], requires_grad=True)
bias = None

    def _conv_forward(self, input: Tensor, weight: Tensor, bias: Optional[Tensor]):
        if self.padding_mode != "zeros":
            return F.conv2d(
                F.pad(
                    input, self._reversed_padding_repeated_twice, mode=self.padding_mode
                ),
                weight,
                bias,
                self.stride,
                _pair(0),
                self.dilation,
                self.groups,
            )
>       return F.conv2d(
            input, weight, bias, self.stride, self.padding, self.dilation, self.groups
        )
E       RuntimeError: Given groups=1, weight of size [64, 128, 3, 3], expected input[1, 192, 64, 64] to have 128 channels, but got 192 channels instead

..\AppData\Local\Packages\PythonSoftwareFoundation.Python.3.13_qbz5n2kfra8p0\LocalCache\local-packages\Python313\site-packages\torch\nn\modules\conv.py:543: RuntimeError
________________________ TestNormalization.test_minmax ________________________

self = <tests.preprocessing.test_normalization.TestNormalization object at 0x0000025F024CE990>

    def test_minmax(self):
        x = torch.tensor([0.0, 50.0, 100.0])
>       norm, stats = normalize(x, method="minmax")
                      ^^^^^^^^^^^^^^^^^^^^^^^^^^^^^

tests\preprocessing\test_normalization.py:10: 
_ _ _ _ _ _ _ _ _ _ _ _ _ _ _ _ _ _ _ _ _ _ _ _ _ _ _ _ _ _ _ _ _ _ _ _ _ _ _ _

data = tensor([  0.,  50., 100.]), method = 'minmax', per_channel = True
percentiles = (2, 98)

    def normalize(
        data: torch.Tensor,
        method: Literal["minmax", "zscore", "percentile"] = "minmax",
        per_channel: bool = True,
        percentiles: tuple[float, float] = (2, 98),
    ) -> tuple[torch.Tensor, dict[str, torch.Tensor]]:
        """Normalize tensor data.
    
        Args:
            data: Input tensor of shape (..., C, H, W) or (C, H, W).
            method: Normalization method to use.
            per_channel: Whether to normalize each channel independently.
            percentiles: Percentiles for percentile normalization.
    
        Returns:
            Tuple of (normalized_data, stats_dict) where stats_dict contains
            the statistics needed for denormalization.
    
        Example:
            >>> normalized, stats = normalize(data, method="zscore")
            >>> original = denormalize(normalized, stats, method="zscore")
        """
        if method == "minmax":
            if per_channel:
                # Shape: (C,) for each stat
                dims = tuple(range(data.ndim - 2)) + (-2, -1)
>               min_vals = data.amin(dim=dims, keepdim=True)
                           ^^^^^^^^^^^^^^^^^^^^^^^^^^^^^^^^^
E               IndexError: Dimension out of range (expected to be in range of [-1, 0], but got -2)

src\ununennium\preprocessing\normalization.py:36: IndexError
________________________ TestNormalization.test_zscore ________________________

self = <tests.preprocessing.test_normalization.TestNormalization object at 0x0000025F024CEAD0>

    def test_zscore(self):
        x = torch.randn(100)
>       norm, stats = normalize(x, method="zscore")
                      ^^^^^^^^^^^^^^^^^^^^^^^^^^^^^

tests\preprocessing\test_normalization.py:18: 
_ _ _ _ _ _ _ _ _ _ _ _ _ _ _ _ _ _ _ _ _ _ _ _ _ _ _ _ _ _ _ _ _ _ _ _ _ _ _ _

data = tensor([ 8.0155e-01, -8.4016e-01,  3.4825e-01, -9.1298e-01,  2.0934e-01,
        -6.4661e-01, -9.7497e-01,  2.3125e-03...9e+00,  2.3334e+00,  9.5305e-01, -5.0033e-01,
         5.8305e-01, -2.8833e-01,  1.2467e+00, -1.2549e+00, -7.9853e-01])
method = 'zscore', per_channel = True, percentiles = (2, 98)

    def normalize(
        data: torch.Tensor,
        method: Literal["minmax", "zscore", "percentile"] = "minmax",
        per_channel: bool = True,
        percentiles: tuple[float, float] = (2, 98),
    ) -> tuple[torch.Tensor, dict[str, torch.Tensor]]:
        """Normalize tensor data.
    
        Args:
            data: Input tensor of shape (..., C, H, W) or (C, H, W).
            method: Normalization method to use.
            per_channel: Whether to normalize each channel independently.
            percentiles: Percentiles for percentile normalization.
    
        Returns:
            Tuple of (normalized_data, stats_dict) where stats_dict contains
            the statistics needed for denormalization.
    
        Example:
            >>> normalized, stats = normalize(data, method="zscore")
            >>> original = denormalize(normalized, stats, method="zscore")
        """
        if method == "minmax":
            if per_channel:
                # Shape: (C,) for each stat
                dims = tuple(range(data.ndim - 2)) + (-2, -1)
                min_vals = data.amin(dim=dims, keepdim=True)
                max_vals = data.amax(dim=dims, keepdim=True)
            else:
                min_vals = data.min()
                max_vals = data.max()
    
            denominator = max_vals - min_vals
            denominator = torch.where(denominator == 0, torch.ones_like(denominator), denominator)
    
            normalized = (data - min_vals) / denominator
            stats = {"min": min_vals, "max": max_vals}
    
        elif method == "zscore":
            if per_channel:
                dims = tuple(range(data.ndim - 2)) + (-2, -1)
>               mean = data.mean(dim=dims, keepdim=True)
                       ^^^^^^^^^^^^^^^^^^^^^^^^^^^^^^^^^
E               IndexError: Dimension out of range (expected to be in range of [-1, 0], but got -2)

src\ununennium\preprocessing\normalization.py:51: IndexError
______________________ TestNormalization.test_percentile ______________________

self = <tests.preprocessing.test_normalization.TestNormalization object at 0x0000025F022EDA70>

    def test_percentile(self):
        x = torch.arange(101).float()
>       norm, stats = normalize(x, method="percentile", percentiles=(2, 98))
                      ^^^^^^^^^^^^^^^^^^^^^^^^^^^^^^^^^^^^^^^^^^^^^^^^^^^^^^

tests\preprocessing\test_normalization.py:23: 
_ _ _ _ _ _ _ _ _ _ _ _ _ _ _ _ _ _ _ _ _ _ _ _ _ _ _ _ _ _ _ _ _ _ _ _ _ _ _ _

data = tensor([  0.,   1.,   2.,   3.,   4.,   5.,   6.,   7.,   8.,   9.,  10.,  11.,
         12.,  13.,  14.,  15.,  16., ...
         84.,  85.,  86.,  87.,  88.,  89.,  90.,  91.,  92.,  93.,  94.,  95.,
         96.,  97.,  98.,  99., 100.])
method = 'percentile', per_channel = True, percentiles = (2, 98)

    def normalize(
        data: torch.Tensor,
        method: Literal["minmax", "zscore", "percentile"] = "minmax",
        per_channel: bool = True,
        percentiles: tuple[float, float] = (2, 98),
    ) -> tuple[torch.Tensor, dict[str, torch.Tensor]]:
        """Normalize tensor data.
    
        Args:
            data: Input tensor of shape (..., C, H, W) or (C, H, W).
            method: Normalization method to use.
            per_channel: Whether to normalize each channel independently.
            percentiles: Percentiles for percentile normalization.
    
        Returns:
            Tuple of (normalized_data, stats_dict) where stats_dict contains
            the statistics needed for denormalization.
    
        Example:
            >>> normalized, stats = normalize(data, method="zscore")
            >>> original = denormalize(normalized, stats, method="zscore")
        """
        if method == "minmax":
            if per_channel:
                # Shape: (C,) for each stat
                dims = tuple(range(data.ndim - 2)) + (-2, -1)
                min_vals = data.amin(dim=dims, keepdim=True)
                max_vals = data.amax(dim=dims, keepdim=True)
            else:
                min_vals = data.min()
                max_vals = data.max()
    
            denominator = max_vals - min_vals
            denominator = torch.where(denominator == 0, torch.ones_like(denominator), denominator)
    
            normalized = (data - min_vals) / denominator
            stats = {"min": min_vals, "max": max_vals}
    
        elif method == "zscore":
            if per_channel:
                dims = tuple(range(data.ndim - 2)) + (-2, -1)
                mean = data.mean(dim=dims, keepdim=True)
                std = data.std(dim=dims, keepdim=True)
            else:
                mean = data.mean()
                std = data.std()
    
            std = torch.where(std == 0, torch.ones_like(std), std)
            normalized = (data - mean) / std
            stats = {"mean": mean, "std": std}
    
        elif method == "percentile":
            if per_channel:
                # Per-channel percentile normalization
>               flat = data.flatten(-2, -1)
                       ^^^^^^^^^^^^^^^^^^^^
E               IndexError: Dimension out of range (expected to be in range of [-1, 0], but got -2)

src\ununennium\preprocessing\normalization.py:64: IndexError
============================== warnings summary ===============================
tests/training/test_trainer.py::TestTrainer::test_trainer_init
  C:\Users\yunus\ununennium\src\ununennium\training\trainer.py:83: FutureWarning: `torch.cuda.amp.GradScaler(args...)` is deprecated. Please use `torch.amp.GradScaler('cuda', args...)` instead.
    self.scaler = GradScaler() if self.config.mixed_precision else None

tests/training/test_trainer.py::TestTrainer::test_trainer_init
  C:\Users\yunus\AppData\Local\Packages\PythonSoftwareFoundation.Python.3.13_qbz5n2kfra8p0\LocalCache\local-packages\Python313\site-packages\torch\cuda\amp\grad_scaler.py:31: UserWarning: torch.cuda.amp.GradScaler is enabled, but CUDA is not available.  Disabling.
    super().__init__(

-- Docs: https://docs.pytest.org/en/stable/how-to/capture-warnings.html
=========================== short test summary info ===========================
FAILED tests/models/test_layers.py::TestLayers::test_up - RuntimeError: Given...
FAILED tests/preprocessing/test_normalization.py::TestNormalization::test_minmax
FAILED tests/preprocessing/test_normalization.py::TestNormalization::test_zscore
FAILED tests/preprocessing/test_normalization.py::TestNormalization::test_percentile
================== 4 failed, 54 passed, 2 warnings in 19.95s ==================
